Archive member included to satisfy reference by file (symbol)

c:/program files/microchip/xc8/v2.40/avr/bin/../lib/gcc/avr/5.4.0/avrxmega2/memx-const\libgcc.a(_tablejump2.o)
                              build/default/debug/mcc_generated_files/adc/src/adc0.o (__tablejump2__)
c:/program files/microchip/xc8/v2.40/avr/bin/../lib/gcc/avr/5.4.0/avrxmega2/memx-const\libgcc.a(_copy_data.o)
                              build/default/debug/mcc_generated_files/system/src/config_bits.o (__do_copy_data)
c:/program files/microchip/xc8/v2.40/avr/bin/../lib/gcc/avr/5.4.0/../../../../avr/lib/avrxmega2/memx-const\libc.a(exit.o)
                              C:/Users/ArcticBear/.mchp_packs/Microchip/AVR-Dx_DFP/2.3.272/xc8/avr/lib/avrxmega2/memx-const/crtavr64dd28.o (exit)
c:/program files/microchip/xc8/v2.40/avr/bin/../lib/gcc/avr/5.4.0/../../../../avr/lib/avrxmega2/memx-const\libc.a(_Exit.o)
                              c:/program files/microchip/xc8/v2.40/avr/bin/../lib/gcc/avr/5.4.0/../../../../avr/lib/avrxmega2/memx-const\libc.a(exit.o) (_Exit)
c:/program files/microchip/xc8/v2.40/avr/bin/../lib/gcc/avr/5.4.0/avrxmega2/memx-const\libgcc.a(_exit.o)
                              c:/program files/microchip/xc8/v2.40/avr/bin/../lib/gcc/avr/5.4.0/../../../../avr/lib/avrxmega2/memx-const\libc.a(_Exit.o) (_exit)

Discarded input sections

 .data          0x0000000000000000        0x0 C:/Users/ArcticBear/.mchp_packs/Microchip/AVR-Dx_DFP/2.3.272/xc8/avr/lib/avrxmega2/memx-const/crtavr64dd28.o
 .bss           0x0000000000000000        0x0 C:/Users/ArcticBear/.mchp_packs/Microchip/AVR-Dx_DFP/2.3.272/xc8/avr/lib/avrxmega2/memx-const/crtavr64dd28.o
 .text          0x0000000000000000        0x0 build/default/debug/mcc_generated_files/adc/src/adc0.o
 .data          0x0000000000000000        0x0 build/default/debug/mcc_generated_files/adc/src/adc0.o
 .bss           0x0000000000000000        0x0 build/default/debug/mcc_generated_files/adc/src/adc0.o
 .text.ADC0_Enable
                0x0000000000000000       0x22 build/default/debug/mcc_generated_files/adc/src/adc0.o
 .text.ADC0_Disable
                0x0000000000000000       0x22 build/default/debug/mcc_generated_files/adc/src/adc0.o
 .text.ADC0_EnableAutoTrigger
                0x0000000000000000       0x22 build/default/debug/mcc_generated_files/adc/src/adc0.o
 .text.ADC0_DisableAutoTrigger
                0x0000000000000000       0x22 build/default/debug/mcc_generated_files/adc/src/adc0.o
 .text.ADC0_SetWindowHigh
                0x0000000000000000       0x28 build/default/debug/mcc_generated_files/adc/src/adc0.o
 .text.ADC0_SetWindowLow
                0x0000000000000000       0x28 build/default/debug/mcc_generated_files/adc/src/adc0.o
 .text.ADC0_SetWindowMode
                0x0000000000000000       0x20 build/default/debug/mcc_generated_files/adc/src/adc0.o
 .text.ADC0_StartDiffConversion
                0x0000000000000000       0x38 build/default/debug/mcc_generated_files/adc/src/adc0.o
 .text.ADC0_StopConversion
                0x0000000000000000       0x1a build/default/debug/mcc_generated_files/adc/src/adc0.o
 .text.ADC0_IsConversionDone
                0x0000000000000000       0x28 build/default/debug/mcc_generated_files/adc/src/adc0.o
 .text.ADC0_GetConversionResult
                0x0000000000000000       0x18 build/default/debug/mcc_generated_files/adc/src/adc0.o
 .text.ADC0_GetWindowResult
                0x0000000000000000       0x38 build/default/debug/mcc_generated_files/adc/src/adc0.o
 .text.ADC0_GetConversion
                0x0000000000000000       0x46 build/default/debug/mcc_generated_files/adc/src/adc0.o
 .text.ADC0_GetDiffConversion
                0x0000000000000000       0x52 build/default/debug/mcc_generated_files/adc/src/adc0.o
 .text.ADC0_GetResolution
                0x0000000000000000       0x28 build/default/debug/mcc_generated_files/adc/src/adc0.o
 .text.ADC0_RegisterWindowCallback
                0x0000000000000000       0x26 build/default/debug/mcc_generated_files/adc/src/adc0.o
 .text.ADC0_RegisterResrdyCallback
                0x0000000000000000       0x26 build/default/debug/mcc_generated_files/adc/src/adc0.o
 .text          0x0000000000000000        0x0 build/default/debug/mcc_generated_files/evsys/src/evsys.o
 .data          0x0000000000000000        0x0 build/default/debug/mcc_generated_files/evsys/src/evsys.o
 .bss           0x0000000000000000        0x0 build/default/debug/mcc_generated_files/evsys/src/evsys.o
 .text.EVSYS_SoftwareEventASet
                0x0000000000000000       0x20 build/default/debug/mcc_generated_files/evsys/src/evsys.o
 .text.EVSYS_SoftwareEventBSet
                0x0000000000000000       0x20 build/default/debug/mcc_generated_files/evsys/src/evsys.o
 .text          0x0000000000000000        0x0 build/default/debug/mcc_generated_files/system/src/system.o
 .data          0x0000000000000000        0x0 build/default/debug/mcc_generated_files/system/src/system.o
 .bss           0x0000000000000000        0x0 build/default/debug/mcc_generated_files/system/src/system.o
 .text          0x0000000000000000        0x0 build/default/debug/mcc_generated_files/system/src/protected_io.o
 .data          0x0000000000000000        0x0 build/default/debug/mcc_generated_files/system/src/protected_io.o
 .bss           0x0000000000000000        0x0 build/default/debug/mcc_generated_files/system/src/protected_io.o
 .text          0x0000000000000000        0x0 build/default/debug/mcc_generated_files/system/src/clock.o
 .data          0x0000000000000000        0x0 build/default/debug/mcc_generated_files/system/src/clock.o
 .bss           0x0000000000000000        0x0 build/default/debug/mcc_generated_files/system/src/clock.o
 .text.CFD_Enable
                0x0000000000000000       0x24 build/default/debug/mcc_generated_files/system/src/clock.o
 .text.CFD_Disable
                0x0000000000000000       0x24 build/default/debug/mcc_generated_files/system/src/clock.o
 .text          0x0000000000000000        0x0 build/default/debug/mcc_generated_files/system/src/config_bits.o
 .data          0x0000000000000000        0x0 build/default/debug/mcc_generated_files/system/src/config_bits.o
 .bss           0x0000000000000000        0x0 build/default/debug/mcc_generated_files/system/src/config_bits.o
 .text          0x0000000000000000        0x0 build/default/debug/mcc_generated_files/system/src/pins.o
 .data          0x0000000000000000        0x0 build/default/debug/mcc_generated_files/system/src/pins.o
 .bss           0x0000000000000000        0x0 build/default/debug/mcc_generated_files/system/src/pins.o
 .text          0x0000000000000000        0x0 build/default/debug/mcc_generated_files/system/src/interrupt.o
 .data          0x0000000000000000        0x0 build/default/debug/mcc_generated_files/system/src/interrupt.o
 .bss           0x0000000000000000        0x0 build/default/debug/mcc_generated_files/system/src/interrupt.o
 .text          0x0000000000000000        0x0 build/default/debug/mcc_generated_files/timer/src/rtc.o
 .data          0x0000000000000000        0x0 build/default/debug/mcc_generated_files/timer/src/rtc.o
 .bss           0x0000000000000000        0x0 build/default/debug/mcc_generated_files/timer/src/rtc.o
 .text.RTC_Start
                0x0000000000000000       0x22 build/default/debug/mcc_generated_files/timer/src/rtc.o
 .text.RTC_Stop
                0x0000000000000000       0x22 build/default/debug/mcc_generated_files/timer/src/rtc.o
 .text.RTC_SetOVFIsrCallback
                0x0000000000000000       0x26 build/default/debug/mcc_generated_files/timer/src/rtc.o
 .text.RTC_SetCMPIsrCallback
                0x0000000000000000       0x26 build/default/debug/mcc_generated_files/timer/src/rtc.o
 .text.RTC_SetPITIsrCallback
                0x0000000000000000       0x26 build/default/debug/mcc_generated_files/timer/src/rtc.o
 .text.RTC_ReadCounter
                0x0000000000000000       0x18 build/default/debug/mcc_generated_files/timer/src/rtc.o
 .text.RTC_ReadPeriod
                0x0000000000000000       0x18 build/default/debug/mcc_generated_files/timer/src/rtc.o
 .text.RTC_EnableCMPInterrupt
                0x0000000000000000       0x22 build/default/debug/mcc_generated_files/timer/src/rtc.o
 .text.RTC_DisableCMPInterrupt
                0x0000000000000000       0x22 build/default/debug/mcc_generated_files/timer/src/rtc.o
 .text.RTC_EnableOVFInterrupt
                0x0000000000000000       0x22 build/default/debug/mcc_generated_files/timer/src/rtc.o
 .text.RTC_DisableOVFInterrupt
                0x0000000000000000       0x22 build/default/debug/mcc_generated_files/timer/src/rtc.o
 .text.RTC_EnablePITInterrupt
                0x0000000000000000       0x22 build/default/debug/mcc_generated_files/timer/src/rtc.o
 .text.RTC_DisablePITInterrupt
                0x0000000000000000       0x22 build/default/debug/mcc_generated_files/timer/src/rtc.o
 .text.RTC_ClearOVFInterruptFlag
                0x0000000000000000       0x1a build/default/debug/mcc_generated_files/timer/src/rtc.o
 .text.RTC_IsOVFInterruptEnabled
                0x0000000000000000       0x2a build/default/debug/mcc_generated_files/timer/src/rtc.o
 .text          0x0000000000000000        0x0 build/default/debug/mcc_generated_files/vref/src/vref.o
 .data          0x0000000000000000        0x0 build/default/debug/mcc_generated_files/vref/src/vref.o
 .bss           0x0000000000000000        0x0 build/default/debug/mcc_generated_files/vref/src/vref.o
 .text          0x0000000000000000        0x0 build/default/debug/main.o
 .data          0x0000000000000000        0x0 build/default/debug/main.o
 .bss           0x0000000000000000        0x0 build/default/debug/main.o
 .text          0x0000000000000000        0x0 build/default/debug/JMPAnalysis.o
 .data          0x0000000000000000        0x0 build/default/debug/JMPAnalysis.o
 .bss           0x0000000000000000        0x0 build/default/debug/JMPAnalysis.o
 .text          0x0000000000000000        0x0 build/default/debug/MainProgram0.o
 .data          0x0000000000000000        0x0 build/default/debug/MainProgram0.o
 .bss           0x0000000000000000        0x0 build/default/debug/MainProgram0.o
 .text          0x0000000000000000        0x0 build/default/debug/OutputDrive.o
 .data          0x0000000000000000        0x0 build/default/debug/OutputDrive.o
 .bss           0x0000000000000000        0x0 build/default/debug/OutputDrive.o
 .text          0x0000000000000000        0x0 c:/program files/microchip/xc8/v2.40/avr/bin/../lib/gcc/avr/5.4.0/avrxmega2/memx-const\libgcc.a(_tablejump2.o)
 .data          0x0000000000000000        0x0 c:/program files/microchip/xc8/v2.40/avr/bin/../lib/gcc/avr/5.4.0/avrxmega2/memx-const\libgcc.a(_tablejump2.o)
 .bss           0x0000000000000000        0x0 c:/program files/microchip/xc8/v2.40/avr/bin/../lib/gcc/avr/5.4.0/avrxmega2/memx-const\libgcc.a(_tablejump2.o)
 .text.libgcc.mul
                0x0000000000000000        0x0 c:/program files/microchip/xc8/v2.40/avr/bin/../lib/gcc/avr/5.4.0/avrxmega2/memx-const\libgcc.a(_tablejump2.o)
 .text.libgcc.div
                0x0000000000000000        0x0 c:/program files/microchip/xc8/v2.40/avr/bin/../lib/gcc/avr/5.4.0/avrxmega2/memx-const\libgcc.a(_tablejump2.o)
 .text.libgcc.prologue
                0x0000000000000000        0x0 c:/program files/microchip/xc8/v2.40/avr/bin/../lib/gcc/avr/5.4.0/avrxmega2/memx-const\libgcc.a(_tablejump2.o)
 .stack.descriptors
                0x0000000000000000       0x1c c:/program files/microchip/xc8/v2.40/avr/bin/../lib/gcc/avr/5.4.0/avrxmega2/memx-const\libgcc.a(_tablejump2.o)
 .text.libgcc.builtins
                0x0000000000000000        0x0 c:/program files/microchip/xc8/v2.40/avr/bin/../lib/gcc/avr/5.4.0/avrxmega2/memx-const\libgcc.a(_tablejump2.o)
 .text.libgcc.fmul
                0x0000000000000000        0x0 c:/program files/microchip/xc8/v2.40/avr/bin/../lib/gcc/avr/5.4.0/avrxmega2/memx-const\libgcc.a(_tablejump2.o)
 .text.libgcc.fixed
                0x0000000000000000        0x0 c:/program files/microchip/xc8/v2.40/avr/bin/../lib/gcc/avr/5.4.0/avrxmega2/memx-const\libgcc.a(_tablejump2.o)
 .text          0x0000000000000000        0x0 c:/program files/microchip/xc8/v2.40/avr/bin/../lib/gcc/avr/5.4.0/avrxmega2/memx-const\libgcc.a(_copy_data.o)
 .data          0x0000000000000000        0x0 c:/program files/microchip/xc8/v2.40/avr/bin/../lib/gcc/avr/5.4.0/avrxmega2/memx-const\libgcc.a(_copy_data.o)
 .bss           0x0000000000000000        0x0 c:/program files/microchip/xc8/v2.40/avr/bin/../lib/gcc/avr/5.4.0/avrxmega2/memx-const\libgcc.a(_copy_data.o)
 .text.libgcc.mul
                0x0000000000000000        0x0 c:/program files/microchip/xc8/v2.40/avr/bin/../lib/gcc/avr/5.4.0/avrxmega2/memx-const\libgcc.a(_copy_data.o)
 .text.libgcc.div
                0x0000000000000000        0x0 c:/program files/microchip/xc8/v2.40/avr/bin/../lib/gcc/avr/5.4.0/avrxmega2/memx-const\libgcc.a(_copy_data.o)
 .text.libgcc   0x0000000000000000        0x0 c:/program files/microchip/xc8/v2.40/avr/bin/../lib/gcc/avr/5.4.0/avrxmega2/memx-const\libgcc.a(_copy_data.o)
 .text.libgcc.prologue
                0x0000000000000000        0x0 c:/program files/microchip/xc8/v2.40/avr/bin/../lib/gcc/avr/5.4.0/avrxmega2/memx-const\libgcc.a(_copy_data.o)
 .text.libgcc.builtins
                0x0000000000000000        0x0 c:/program files/microchip/xc8/v2.40/avr/bin/../lib/gcc/avr/5.4.0/avrxmega2/memx-const\libgcc.a(_copy_data.o)
 .text.libgcc.fmul
                0x0000000000000000        0x0 c:/program files/microchip/xc8/v2.40/avr/bin/../lib/gcc/avr/5.4.0/avrxmega2/memx-const\libgcc.a(_copy_data.o)
 .text.libgcc.fixed
                0x0000000000000000        0x0 c:/program files/microchip/xc8/v2.40/avr/bin/../lib/gcc/avr/5.4.0/avrxmega2/memx-const\libgcc.a(_copy_data.o)
 .text          0x0000000000000000        0x0 c:/program files/microchip/xc8/v2.40/avr/bin/../lib/gcc/avr/5.4.0/../../../../avr/lib/avrxmega2/memx-const\libc.a(exit.o)
 .data          0x0000000000000000        0x0 c:/program files/microchip/xc8/v2.40/avr/bin/../lib/gcc/avr/5.4.0/../../../../avr/lib/avrxmega2/memx-const\libc.a(exit.o)
 .bss           0x0000000000000000        0x0 c:/program files/microchip/xc8/v2.40/avr/bin/../lib/gcc/avr/5.4.0/../../../../avr/lib/avrxmega2/memx-const\libc.a(exit.o)
 .text          0x0000000000000000        0x0 c:/program files/microchip/xc8/v2.40/avr/bin/../lib/gcc/avr/5.4.0/../../../../avr/lib/avrxmega2/memx-const\libc.a(_Exit.o)
 .data          0x0000000000000000        0x0 c:/program files/microchip/xc8/v2.40/avr/bin/../lib/gcc/avr/5.4.0/../../../../avr/lib/avrxmega2/memx-const\libc.a(_Exit.o)
 .bss           0x0000000000000000        0x0 c:/program files/microchip/xc8/v2.40/avr/bin/../lib/gcc/avr/5.4.0/../../../../avr/lib/avrxmega2/memx-const\libc.a(_Exit.o)
 .text          0x0000000000000000        0x0 c:/program files/microchip/xc8/v2.40/avr/bin/../lib/gcc/avr/5.4.0/avrxmega2/memx-const\libgcc.a(_exit.o)
 .data          0x0000000000000000        0x0 c:/program files/microchip/xc8/v2.40/avr/bin/../lib/gcc/avr/5.4.0/avrxmega2/memx-const\libgcc.a(_exit.o)
 .bss           0x0000000000000000        0x0 c:/program files/microchip/xc8/v2.40/avr/bin/../lib/gcc/avr/5.4.0/avrxmega2/memx-const\libgcc.a(_exit.o)
 .text.libgcc.mul
                0x0000000000000000        0x0 c:/program files/microchip/xc8/v2.40/avr/bin/../lib/gcc/avr/5.4.0/avrxmega2/memx-const\libgcc.a(_exit.o)
 .text.libgcc.div
                0x0000000000000000        0x0 c:/program files/microchip/xc8/v2.40/avr/bin/../lib/gcc/avr/5.4.0/avrxmega2/memx-const\libgcc.a(_exit.o)
 .text.libgcc   0x0000000000000000        0x0 c:/program files/microchip/xc8/v2.40/avr/bin/../lib/gcc/avr/5.4.0/avrxmega2/memx-const\libgcc.a(_exit.o)
 .text.libgcc.prologue
                0x0000000000000000        0x0 c:/program files/microchip/xc8/v2.40/avr/bin/../lib/gcc/avr/5.4.0/avrxmega2/memx-const\libgcc.a(_exit.o)
 .stack.descriptors
                0x0000000000000000       0x13 c:/program files/microchip/xc8/v2.40/avr/bin/../lib/gcc/avr/5.4.0/avrxmega2/memx-const\libgcc.a(_exit.o)
 .text.libgcc.builtins
                0x0000000000000000        0x0 c:/program files/microchip/xc8/v2.40/avr/bin/../lib/gcc/avr/5.4.0/avrxmega2/memx-const\libgcc.a(_exit.o)
 .text.libgcc.fmul
                0x0000000000000000        0x0 c:/program files/microchip/xc8/v2.40/avr/bin/../lib/gcc/avr/5.4.0/avrxmega2/memx-const\libgcc.a(_exit.o)
 .text.libgcc.fixed
                0x0000000000000000        0x0 c:/program files/microchip/xc8/v2.40/avr/bin/../lib/gcc/avr/5.4.0/avrxmega2/memx-const\libgcc.a(_exit.o)

Memory Configuration

Name             Origin             Length             Attributes
text             0x0000000000000000 0x0000000000010000 xr
data             0x0000000000806000 0x0000000000002000 rw !x
eeprom           0x0000000000810000 0x0000000000000100 rw !x
fuse             0x0000000000820000 0x0000000000000010 rw !x
lock             0x0000000000830000 0x0000000000000400 rw !x
signature        0x0000000000840000 0x0000000000000400 rw !x
user_signatures  0x0000000000850000 0x0000000000000400 rw !x
*default*        0x0000000000000000 0xffffffffffffffff

Linker script and memory map

Address of section .data set to 0x806000
                0x0000000000008000                __RODATA_PM_OFFSET__ = 0x8000
LOAD C:/Users/ArcticBear/.mchp_packs/Microchip/AVR-Dx_DFP/2.3.272/xc8/avr/lib/avrxmega2/memx-const/crtavr64dd28.o
                0x0000000000000001                __MPLAB_BUILD = 0x1
LOAD build/default/debug/mcc_generated_files/adc/src/adc0.o
LOAD build/default/debug/mcc_generated_files/evsys/src/evsys.o
LOAD build/default/debug/mcc_generated_files/system/src/system.o
LOAD build/default/debug/mcc_generated_files/system/src/protected_io.o
LOAD build/default/debug/mcc_generated_files/system/src/clock.o
LOAD build/default/debug/mcc_generated_files/system/src/config_bits.o
LOAD build/default/debug/mcc_generated_files/system/src/pins.o
LOAD build/default/debug/mcc_generated_files/system/src/interrupt.o
LOAD build/default/debug/mcc_generated_files/timer/src/rtc.o
LOAD build/default/debug/mcc_generated_files/vref/src/vref.o
LOAD build/default/debug/main.o
LOAD build/default/debug/JMPAnalysis.o
LOAD build/default/debug/MainProgram0.o
LOAD build/default/debug/OutputDrive.o
START GROUP
LOAD c:/program files/microchip/xc8/v2.40/avr/bin/../lib/gcc/avr/5.4.0/../../../../avr/lib/avrxmega2/memx-const\libm.a
END GROUP
                0x0000000000000001                __MPLAB_DEBUG = 0x1
                0x0000000000000001                __DEBUG = 0x1
START GROUP
LOAD c:/program files/microchip/xc8/v2.40/avr/bin/../lib/gcc/avr/5.4.0/avrxmega2/memx-const\libgcc.a
LOAD c:/program files/microchip/xc8/v2.40/avr/bin/../lib/gcc/avr/5.4.0/../../../../avr/lib/avrxmega2/memx-const\libm.a
LOAD c:/program files/microchip/xc8/v2.40/avr/bin/../lib/gcc/avr/5.4.0/../../../../avr/lib/avrxmega2/memx-const\libc.a
LOAD C:/Users/ArcticBear/.mchp_packs/Microchip/AVR-Dx_DFP/2.3.272/xc8/avr/lib/avrxmega2/memx-const\libavr64dd28.a
END GROUP
                [0x0000000000000000]                __TEXT_REGION_ORIGIN__ = DEFINED (__TEXT_REGION_ORIGIN__)?__TEXT_REGION_ORIGIN__:0x0
                [0x0000000000806000]                __DATA_REGION_ORIGIN__ = DEFINED (__DATA_REGION_ORIGIN__)?__DATA_REGION_ORIGIN__:0x802000
                [0x0000000000010000]                __TEXT_REGION_LENGTH__ = DEFINED (__TEXT_REGION_LENGTH__)?__TEXT_REGION_LENGTH__:0x100000
                [0x0000000000002000]                __DATA_REGION_LENGTH__ = DEFINED (__DATA_REGION_LENGTH__)?__DATA_REGION_LENGTH__:0xffa0
                [0x0000000000000100]                __EEPROM_REGION_LENGTH__ = DEFINED (__EEPROM_REGION_LENGTH__)?__EEPROM_REGION_LENGTH__:0x10000
                [0x0000000000000010]                __FUSE_REGION_LENGTH__ = DEFINED (__FUSE_REGION_LENGTH__)?__FUSE_REGION_LENGTH__:0x400
                0x0000000000000400                __LOCK_REGION_LENGTH__ = DEFINED (__LOCK_REGION_LENGTH__)?__LOCK_REGION_LENGTH__:0x400
                0x0000000000000400                __SIGNATURE_REGION_LENGTH__ = DEFINED (__SIGNATURE_REGION_LENGTH__)?__SIGNATURE_REGION_LENGTH__:0x400
                0x0000000000000400                __USER_SIGNATURE_REGION_LENGTH__ = DEFINED (__USER_SIGNATURE_REGION_LENGTH__)?__USER_SIGNATURE_REGION_LENGTH__:0x400

.hash
 *(.hash)

.dynsym
 *(.dynsym)

.dynstr
 *(.dynstr)

.gnu.version
 *(.gnu.version)

.gnu.version_d
 *(.gnu.version_d)

.gnu.version_r
 *(.gnu.version_r)

.rel.init
 *(.rel.init)

.rela.init
 *(.rela.init)

.rel.text
 *(.rel.text)
 *(.rel.text.*)
 *(.rel.gnu.linkonce.t*)

.rela.text
 *(.rela.text)
 *(.rela.text.*)
 *(.rela.gnu.linkonce.t*)

.rel.fini
 *(.rel.fini)

.rela.fini
 *(.rela.fini)

.rel.rodata
 *(.rel.rodata)
 *(.rel.rodata.*)
 *(.rel.gnu.linkonce.r*)

.rela.rodata
 *(.rela.rodata)
 *(.rela.rodata.*)
 *(.rela.gnu.linkonce.r*)

.rel.data
 *(.rel.data)
 *(.rel.data.*)
 *(.rel.gnu.linkonce.d*)

.rela.data
 *(.rela.data)
 *(.rela.data.*)
 *(.rela.gnu.linkonce.d*)

.rel.ctors
 *(.rel.ctors)

.rela.ctors
 *(.rela.ctors)

.rel.dtors
 *(.rel.dtors)

.rela.dtors
 *(.rela.dtors)

.rel.got
 *(.rel.got)

.rela.got
 *(.rela.got)

.rel.bss
 *(.rel.bss)

.rela.bss
 *(.rela.bss)

.rel.plt
 *(.rel.plt)

.rela.plt
 *(.rela.plt)

.text           0x0000000000000000      0x112
 *(.vectors)
 .vectors       0x0000000000000000       0x90 C:/Users/ArcticBear/.mchp_packs/Microchip/AVR-Dx_DFP/2.3.272/xc8/avr/lib/avrxmega2/memx-const/crtavr64dd28.o
                0x0000000000000000                __vector_default
                0x0000000000000000                __vectors
 *(.vectors)
 *(.progmem.gcc*)
 .progmem.gcc_sw_table.__vector_26
                0x0000000000000090       0x10 build/default/debug/mcc_generated_files/adc/src/adc0.o
 *(.dinit)
 .dinit         0x00000000000000a0       0x1d data_init
                0x00000000000000be                . = ALIGN (0x2)
 *fill*         0x00000000000000bd        0x1 
                0x00000000000000be                __trampolines_start = .
 *(.trampolines)
 .trampolines   0x00000000000000be        0x0 linker stubs
 *(.trampolines*)
                0x00000000000000be                __trampolines_end = .
 *libprintf_flt.a:*(.progmem.data)
 *libc.a:*(.progmem.data)
                0x00000000000000be                . = ALIGN (0x2)
 *(.jumptables)
 *(.jumptables*)
 *(.lowtext)
 *(.lowtext*)
                0x00000000000000be                __ctors_start = .
 *(.ctors)
                0x00000000000000be                __ctors_end = .
                0x00000000000000be                __dtors_start = .
 *(.dtors)
                0x00000000000000be                __dtors_end = .
 SORT(*)(.ctors)
 SORT(*)(.dtors)
 *(.init0)
 .init0         0x00000000000000be        0x0 C:/Users/ArcticBear/.mchp_packs/Microchip/AVR-Dx_DFP/2.3.272/xc8/avr/lib/avrxmega2/memx-const/crtavr64dd28.o
                0x00000000000000be                __init
 *(.init0)
 *(.init1)
 *(.init1)
 *(.init2)
 .init2         0x00000000000000be        0xc C:/Users/ArcticBear/.mchp_packs/Microchip/AVR-Dx_DFP/2.3.272/xc8/avr/lib/avrxmega2/memx-const/crtavr64dd28.o
 *(.init2)
 *(.init3)
 *(.init3)
 *(.init4)
 .init4         0x00000000000000ca       0x3c c:/program files/microchip/xc8/v2.40/avr/bin/../lib/gcc/avr/5.4.0/avrxmega2/memx-const\libgcc.a(_copy_data.o)
                0x00000000000000ca                __do_copy_data
                0x00000000000000f8                __do_clear_bss
 *(.init4)
 *(.init5)
 *(.init5)
 *(.init6)
 *(.init6)
 *(.init7)
 *(.init7)
 *(.init8)
 *(.init8)
 *(.init9)
 .init9         0x0000000000000106        0x8 C:/Users/ArcticBear/.mchp_packs/Microchip/AVR-Dx_DFP/2.3.272/xc8/avr/lib/avrxmega2/memx-const/crtavr64dd28.o
 *(.init9)
                0x000000000000010e                . = ALIGN (0x2)
 *(.fini9)
 .fini9         0x000000000000010e        0x0 c:/program files/microchip/xc8/v2.40/avr/bin/../lib/gcc/avr/5.4.0/avrxmega2/memx-const\libgcc.a(_exit.o)
                0x000000000000010e                _exit
 *(.fini9)
 *(.fini8)
 *(.fini8)
 *(.fini7)
 *(.fini7)
 *(.fini6)
 *(.fini6)
 *(.fini5)
 *(.fini5)
 *(.fini4)
 *(.fini4)
 *(.fini3)
 *(.fini3)
 *(.fini2)
 *(.fini2)
 *(.fini1)
 *(.fini1)
 *(.fini0)
 .fini0         0x000000000000010e        0x4 c:/program files/microchip/xc8/v2.40/avr/bin/../lib/gcc/avr/5.4.0/avrxmega2/memx-const\libgcc.a(_exit.o)
 *(.fini0)
                0x0000000000000112                _etext = .

.data           0x0000000000806000        0x0 load address 0x0000000000000112
                [!provide]                        PROVIDE (__data_start, .)
 *(.gnu.linkonce.d*)
 *(.gnu.linkonce.r*)
                0x0000000000806000                . = ALIGN (0x2)
                0x0000000000806000                _edata = .
                [!provide]                        PROVIDE (__data_end, .)

.bss            0x0000000000806000        0x0
                [!provide]                        PROVIDE (__bss_start, .)
 *(COMMON)
                [!provide]                        PROVIDE (__bss_end, .)
                0x0000000000000112                __data_load_start = LOADADDR (.data)
                0x0000000000000112                __data_load_end = (__data_load_start + SIZEOF (.data))

.noinit         0x0000000000806000        0x0
                [!provide]                        PROVIDE (__noinit_start, .)
 *(.noinit*)
                [!provide]                        PROVIDE (__noinit_end, .)
                0x0000000000806000                _end = .

.eeprom         0x0000000000810000        0x0
 *(.eeprom*)
                0x0000000000810000                __eeprom_end = .

.fuse           0x0000000000820000        0x9
 *(.fuse)
 .fuse          0x0000000000820000        0x9 build/default/debug/mcc_generated_files/system/src/config_bits.o
                0x0000000000820000                __fuse
 *(.lfuse)
 *(.hfuse)
 *(.efuse)

.lock
 *(.lock*)

.signature
 *(.signature*)

.user_signatures
 *(.user_signatures*)

.stab
 *(.stab)

.stabstr
 *(.stabstr)

.stab.excl
 *(.stab.excl)

.stab.exclstr
 *(.stab.exclstr)

.stab.index
 *(.stab.index)

.stab.indexstr
 *(.stab.indexstr)

.comment        0x0000000000000000       0x2f
 *(.comment)
 .comment       0x0000000000000000       0x2f build/default/debug/mcc_generated_files/adc/src/adc0.o
                                         0x30 (size before relaxing)
 .comment       0x000000000000002f       0x30 build/default/debug/mcc_generated_files/evsys/src/evsys.o
 .comment       0x000000000000002f       0x30 build/default/debug/mcc_generated_files/system/src/system.o
 .comment       0x000000000000002f       0x30 build/default/debug/mcc_generated_files/system/src/clock.o
 .comment       0x000000000000002f       0x30 build/default/debug/mcc_generated_files/system/src/config_bits.o
 .comment       0x000000000000002f       0x30 build/default/debug/mcc_generated_files/system/src/pins.o
 .comment       0x000000000000002f       0x30 build/default/debug/mcc_generated_files/system/src/interrupt.o
 .comment       0x000000000000002f       0x30 build/default/debug/mcc_generated_files/timer/src/rtc.o
 .comment       0x000000000000002f       0x30 build/default/debug/mcc_generated_files/vref/src/vref.o
 .comment       0x000000000000002f       0x30 build/default/debug/main.o
 .comment       0x000000000000002f       0x30 build/default/debug/JMPAnalysis.o
 .comment       0x000000000000002f       0x30 build/default/debug/MainProgram0.o
 .comment       0x000000000000002f       0x30 build/default/debug/OutputDrive.o
 .comment       0x000000000000002f       0x30 c:/program files/microchip/xc8/v2.40/avr/bin/../lib/gcc/avr/5.4.0/../../../../avr/lib/avrxmega2/memx-const\libc.a(exit.o)
 .comment       0x000000000000002f       0x30 c:/program files/microchip/xc8/v2.40/avr/bin/../lib/gcc/avr/5.4.0/../../../../avr/lib/avrxmega2/memx-const\libc.a(_Exit.o)

.stack.descriptors.hdr
                0x0000000000000000       0x1c
 .stack.descriptors.hdr
                0x0000000000000000        0xe c:/program files/microchip/xc8/v2.40/avr/bin/../lib/gcc/avr/5.4.0/avrxmega2/memx-const\libgcc.a(_tablejump2.o)
 .stack.descriptors.hdr
                0x000000000000000e        0xe c:/program files/microchip/xc8/v2.40/avr/bin/../lib/gcc/avr/5.4.0/avrxmega2/memx-const\libgcc.a(_exit.o)

.note.GNU-stack
                0x0000000000000000        0x0
 .note.GNU-stack
                0x0000000000000000        0x0 c:/program files/microchip/xc8/v2.40/avr/bin/../lib/gcc/avr/5.4.0/../../../../avr/lib/avrxmega2/memx-const\libc.a(exit.o)
 .note.GNU-stack
                0x0000000000000000        0x0 c:/program files/microchip/xc8/v2.40/avr/bin/../lib/gcc/avr/5.4.0/../../../../avr/lib/avrxmega2/memx-const\libc.a(_Exit.o)

.note.gnu.build-id
 *(.note.gnu.build-id)

.debug
 *(.debug)

.line
 *(.line)

.debug_srcinfo
 *(.debug_srcinfo)

.debug_sfnames
 *(.debug_sfnames)

.debug_aranges  0x0000000000000000      0x4b8
 *(.debug_aranges)
 .debug_aranges
                0x0000000000000000       0xc8 build/default/debug/mcc_generated_files/adc/src/adc0.o
 .debug_aranges
                0x00000000000000c8       0x30 build/default/debug/mcc_generated_files/evsys/src/evsys.o
 .debug_aranges
                0x00000000000000f8       0x40 build/default/debug/mcc_generated_files/system/src/system.o
 .debug_aranges
                0x0000000000000138       0x20 build/default/debug/mcc_generated_files/system/src/protected_io.o
 .debug_aranges
                0x0000000000000158       0x38 build/default/debug/mcc_generated_files/system/src/clock.o
 .debug_aranges
                0x0000000000000190       0x18 build/default/debug/mcc_generated_files/system/src/config_bits.o
 .debug_aranges
                0x00000000000001a8      0x190 build/default/debug/mcc_generated_files/system/src/pins.o
 .debug_aranges
                0x0000000000000338       0x28 build/default/debug/mcc_generated_files/system/src/interrupt.o
 .debug_aranges
                0x0000000000000360       0xb8 build/default/debug/mcc_generated_files/timer/src/rtc.o
 .debug_aranges
                0x0000000000000418       0x20 build/default/debug/mcc_generated_files/vref/src/vref.o
 .debug_aranges
                0x0000000000000438       0x20 build/default/debug/main.o
 .debug_aranges
                0x0000000000000458       0x20 build/default/debug/JMPAnalysis.o
 .debug_aranges
                0x0000000000000478       0x20 build/default/debug/MainProgram0.o
 .debug_aranges
                0x0000000000000498       0x20 build/default/debug/OutputDrive.o

.debug_pubnames
 *(.debug_pubnames)

.debug_info     0x0000000000000000     0x88b8
 *(.debug_info .gnu.linkonce.wi.*)
 .debug_info    0x0000000000000000     0x22a4 C:/Users/ArcticBear/.mchp_packs/Microchip/AVR-Dx_DFP/2.3.272/xc8/avr/lib/avrxmega2/memx-const/crtavr64dd28.o
 .debug_info    0x00000000000022a4     0x101e build/default/debug/mcc_generated_files/adc/src/adc0.o
 .debug_info    0x00000000000032c2      0x69e build/default/debug/mcc_generated_files/evsys/src/evsys.o
 .debug_info    0x0000000000003960      0x4ca build/default/debug/mcc_generated_files/system/src/system.o
 .debug_info    0x0000000000003e2a       0x63 build/default/debug/mcc_generated_files/system/src/protected_io.o
 .debug_info    0x0000000000003e8d      0x5f8 build/default/debug/mcc_generated_files/system/src/clock.o
 .debug_info    0x0000000000004485      0x8d1 build/default/debug/mcc_generated_files/system/src/config_bits.o
 .debug_info    0x0000000000004d56     0x1343 build/default/debug/mcc_generated_files/system/src/pins.o
 .debug_info    0x0000000000006099      0x398 build/default/debug/mcc_generated_files/system/src/interrupt.o
 .debug_info    0x0000000000006431      0x8aa build/default/debug/mcc_generated_files/timer/src/rtc.o
 .debug_info    0x0000000000006cdb      0x349 build/default/debug/mcc_generated_files/vref/src/vref.o
 .debug_info    0x0000000000007024      0x5c4 build/default/debug/main.o
 .debug_info    0x00000000000075e8      0x3f2 build/default/debug/JMPAnalysis.o
 .debug_info    0x00000000000079da      0x5ee build/default/debug/MainProgram0.o
 .debug_info    0x0000000000007fc8      0x8f0 build/default/debug/OutputDrive.o

.debug_abbrev   0x0000000000000000     0x2d2d
 *(.debug_abbrev)
 .debug_abbrev  0x0000000000000000     0x20ce C:/Users/ArcticBear/.mchp_packs/Microchip/AVR-Dx_DFP/2.3.272/xc8/avr/lib/avrxmega2/memx-const/crtavr64dd28.o
 .debug_abbrev  0x00000000000020ce      0x206 build/default/debug/mcc_generated_files/adc/src/adc0.o
 .debug_abbrev  0x00000000000022d4       0xcd build/default/debug/mcc_generated_files/evsys/src/evsys.o
 .debug_abbrev  0x00000000000023a1      0x102 build/default/debug/mcc_generated_files/system/src/system.o
 .debug_abbrev  0x00000000000024a3       0x14 build/default/debug/mcc_generated_files/system/src/protected_io.o
 .debug_abbrev  0x00000000000024b7      0x102 build/default/debug/mcc_generated_files/system/src/clock.o
 .debug_abbrev  0x00000000000025b9       0x97 build/default/debug/mcc_generated_files/system/src/config_bits.o
 .debug_abbrev  0x0000000000002650      0x150 build/default/debug/mcc_generated_files/system/src/pins.o
 .debug_abbrev  0x00000000000027a0       0xc0 build/default/debug/mcc_generated_files/system/src/interrupt.o
 .debug_abbrev  0x0000000000002860      0x14c build/default/debug/mcc_generated_files/timer/src/rtc.o
 .debug_abbrev  0x00000000000029ac       0x8c build/default/debug/mcc_generated_files/vref/src/vref.o
 .debug_abbrev  0x0000000000002a38       0xa1 build/default/debug/main.o
 .debug_abbrev  0x0000000000002ad9       0x89 build/default/debug/JMPAnalysis.o
 .debug_abbrev  0x0000000000002b62       0xb2 build/default/debug/MainProgram0.o
 .debug_abbrev  0x0000000000002c14      0x119 build/default/debug/OutputDrive.o

.debug_line     0x0000000000000000     0x2843
 *(.debug_line .debug_line.* .debug_line_end)
 .debug_line    0x0000000000000000      0x172 C:/Users/ArcticBear/.mchp_packs/Microchip/AVR-Dx_DFP/2.3.272/xc8/avr/lib/avrxmega2/memx-const/crtavr64dd28.o
 .debug_line    0x0000000000000172      0x566 build/default/debug/mcc_generated_files/adc/src/adc0.o
 .debug_line    0x00000000000006d8      0x1fd build/default/debug/mcc_generated_files/evsys/src/evsys.o
 .debug_line    0x00000000000008d5      0x218 build/default/debug/mcc_generated_files/system/src/system.o
 .debug_line    0x0000000000000aed       0x6d build/default/debug/mcc_generated_files/system/src/protected_io.o
 .debug_line    0x0000000000000b5a      0x1e5 build/default/debug/mcc_generated_files/system/src/clock.o
 .debug_line    0x0000000000000d3f       0xf4 build/default/debug/mcc_generated_files/system/src/config_bits.o
 .debug_line    0x0000000000000e33      0x855 build/default/debug/mcc_generated_files/system/src/pins.o
 .debug_line    0x0000000000001688      0x16f build/default/debug/mcc_generated_files/system/src/interrupt.o
 .debug_line    0x00000000000017f7      0x410 build/default/debug/mcc_generated_files/timer/src/rtc.o
 .debug_line    0x0000000000001c07      0x119 build/default/debug/mcc_generated_files/vref/src/vref.o
 .debug_line    0x0000000000001d20      0x18e build/default/debug/main.o
 .debug_line    0x0000000000001eae      0x1e1 build/default/debug/JMPAnalysis.o
 .debug_line    0x000000000000208f      0x189 build/default/debug/MainProgram0.o
 .debug_line    0x0000000000002218      0x62b build/default/debug/OutputDrive.o

.debug_frame    0x0000000000000000     0x10b4
 *(.debug_frame)
 .debug_frame   0x0000000000000000      0x360 build/default/debug/mcc_generated_files/adc/src/adc0.o
 .debug_frame   0x0000000000000360       0x74 build/default/debug/mcc_generated_files/evsys/src/evsys.o
 .debug_frame   0x00000000000003d4       0xd4 build/default/debug/mcc_generated_files/system/src/system.o
 .debug_frame   0x00000000000004a8       0x94 build/default/debug/mcc_generated_files/system/src/clock.o
 .debug_frame   0x000000000000053c      0x704 build/default/debug/mcc_generated_files/system/src/pins.o
 .debug_frame   0x0000000000000c40       0x54 build/default/debug/mcc_generated_files/system/src/interrupt.o
 .debug_frame   0x0000000000000c94      0x31c build/default/debug/mcc_generated_files/timer/src/rtc.o
 .debug_frame   0x0000000000000fb0       0x34 build/default/debug/mcc_generated_files/vref/src/vref.o
 .debug_frame   0x0000000000000fe4       0x34 build/default/debug/main.o
 .debug_frame   0x0000000000001018       0x34 build/default/debug/JMPAnalysis.o
 .debug_frame   0x000000000000104c       0x34 build/default/debug/MainProgram0.o
 .debug_frame   0x0000000000001080       0x34 build/default/debug/OutputDrive.o

.debug_str      0x0000000000000000      0xf45
 *(.debug_str)
 .debug_str     0x0000000000000000      0xefb C:/Users/ArcticBear/.mchp_packs/Microchip/AVR-Dx_DFP/2.3.272/xc8/avr/lib/avrxmega2/memx-const/crtavr64dd28.o
 .debug_str     0x0000000000000efb       0x11 build/default/debug/mcc_generated_files/adc/src/adc0.o
 .debug_str     0x0000000000000f0c        0x0 build/default/debug/mcc_generated_files/evsys/src/evsys.o
 .debug_str     0x0000000000000f0c        0x0 build/default/debug/mcc_generated_files/system/src/system.o
 .debug_str     0x0000000000000f0c        0x0 build/default/debug/mcc_generated_files/system/src/clock.o
 .debug_str     0x0000000000000f0c        0x0 build/default/debug/mcc_generated_files/system/src/config_bits.o
 .debug_str     0x0000000000000f0c       0x30 build/default/debug/mcc_generated_files/system/src/pins.o
 .debug_str     0x0000000000000f3c        0x0 build/default/debug/mcc_generated_files/system/src/interrupt.o
 .debug_str     0x0000000000000f3c        0x9 build/default/debug/mcc_generated_files/timer/src/rtc.o
 .debug_str     0x0000000000000f45        0x0 build/default/debug/mcc_generated_files/vref/src/vref.o
 .debug_str     0x0000000000000f45        0x0 build/default/debug/main.o
 .debug_str     0x0000000000000f45        0x0 build/default/debug/JMPAnalysis.o
 .debug_str     0x0000000000000f45        0x0 build/default/debug/MainProgram0.o
 .debug_str     0x0000000000000f45        0x0 build/default/debug/OutputDrive.o

.debug_loc
 *(.debug_loc)

.debug_macinfo
 *(.debug_macinfo)

.debug_weaknames
 *(.debug_weaknames)

.debug_funcnames
 *(.debug_funcnames)

.debug_typenames
 *(.debug_typenames)

.debug_varnames
 *(.debug_varnames)

.debug_pubtypes
 *(.debug_pubtypes)

.debug_ranges   0x0000000000000000      0x3c0
 *(.debug_ranges)
 .debug_ranges  0x0000000000000000       0xb8 build/default/debug/mcc_generated_files/adc/src/adc0.o
 .debug_ranges  0x00000000000000b8       0x20 build/default/debug/mcc_generated_files/evsys/src/evsys.o
 .debug_ranges  0x00000000000000d8       0x30 build/default/debug/mcc_generated_files/system/src/system.o
 .debug_ranges  0x0000000000000108       0x28 build/default/debug/mcc_generated_files/system/src/clock.o
 .debug_ranges  0x0000000000000130      0x180 build/default/debug/mcc_generated_files/system/src/pins.o
 .debug_ranges  0x00000000000002b0       0x18 build/default/debug/mcc_generated_files/system/src/interrupt.o
 .debug_ranges  0x00000000000002c8       0xa8 build/default/debug/mcc_generated_files/timer/src/rtc.o
 .debug_ranges  0x0000000000000370       0x10 build/default/debug/mcc_generated_files/vref/src/vref.o
 .debug_ranges  0x0000000000000380       0x10 build/default/debug/main.o
 .debug_ranges  0x0000000000000390       0x10 build/default/debug/JMPAnalysis.o
 .debug_ranges  0x00000000000003a0       0x10 build/default/debug/MainProgram0.o
 .debug_ranges  0x00000000000003b0       0x10 build/default/debug/OutputDrive.o

.debug_macro
 *(.debug_macro)
OUTPUT(dist/default/debug/ProgPorticP.debug.elf elf32-avr)
LOAD linker stubs
LOAD data_init

.note.gnu.avr.deviceinfo
                0x0000000000000000       0x3c
 .note.gnu.avr.deviceinfo
                0x0000000000000000       0x3c C:/Users/ArcticBear/.mchp_packs/Microchip/AVR-Dx_DFP/2.3.272/xc8/avr/lib/avrxmega2/memx-const/crtavr64dd28.o

.bss.ADC0_window_cb
                0x0000000000806047        0x2
 .bss.ADC0_window_cb
                0x0000000000806047        0x2 build/default/debug/mcc_generated_files/adc/src/adc0.o
                0x0000000000806047                ADC0_window_cb

.bss.ADC0_resrdy_cb
                0x0000000000806049        0x2
 .bss.ADC0_resrdy_cb
                0x0000000000806049        0x2 build/default/debug/mcc_generated_files/adc/src/adc0.o
                0x0000000000806049                ADC0_resrdy_cb

.bss.ADResultsMuxCode.4155
                0x000000000080604b        0x2
 .bss.ADResultsMuxCode.4155
                0x000000000080604b        0x2 build/default/debug/mcc_generated_files/adc/src/adc0.o

.bss.ADResultsArray.4157
                0x0000000000806027       0x10
 .bss.ADResultsArray.4157
                0x0000000000806027       0x10 build/default/debug/mcc_generated_files/adc/src/adc0.o

.bss.ADDriveCurrent_InterruptHandler
                0x000000000080604d        0x2
 .bss.ADDriveCurrent_InterruptHandler
                0x000000000080604d        0x2 build/default/debug/mcc_generated_files/system/src/pins.o

.bss.ADCrepSoll_InterruptHandler
                0x000000000080604f        0x2
 .bss.ADCrepSoll_InterruptHandler
                0x000000000080604f        0x2 build/default/debug/mcc_generated_files/system/src/pins.o

.bss.ADAubeSoll_InterruptHandler
                0x0000000000806051        0x2
 .bss.ADAubeSoll_InterruptHandler
                0x0000000000806051        0x2 build/default/debug/mcc_generated_files/system/src/pins.o

.bss.ADTemp2Soll_InterruptHandler
                0x0000000000806053        0x2
 .bss.ADTemp2Soll_InterruptHandler
                0x0000000000806053        0x2 build/default/debug/mcc_generated_files/system/src/pins.o

.bss.ADTemp1Soll_InterruptHandler
                0x0000000000806055        0x2
 .bss.ADTemp1Soll_InterruptHandler
                0x0000000000806055        0x2 build/default/debug/mcc_generated_files/system/src/pins.o

.bss.ADLight_InterruptHandler
                0x0000000000806057        0x2
 .bss.ADLight_InterruptHandler
                0x0000000000806057        0x2 build/default/debug/mcc_generated_files/system/src/pins.o

.bss.ADTemp1_InterruptHandler
                0x0000000000806059        0x2
 .bss.ADTemp1_InterruptHandler
                0x0000000000806059        0x2 build/default/debug/mcc_generated_files/system/src/pins.o

.bss.ADTemp2_InterruptHandler
                0x000000000080605b        0x2
 .bss.ADTemp2_InterruptHandler
                0x000000000080605b        0x2 build/default/debug/mcc_generated_files/system/src/pins.o

.bss.Jumper2_InterruptHandler
                0x000000000080605d        0x2
 .bss.Jumper2_InterruptHandler
                0x000000000080605d        0x2 build/default/debug/mcc_generated_files/system/src/pins.o

.bss.Jumper1_InterruptHandler
                0x000000000080605f        0x2
 .bss.Jumper1_InterruptHandler
                0x000000000080605f        0x2 build/default/debug/mcc_generated_files/system/src/pins.o

.bss.CMDActivation_InterruptHandler
                0x0000000000806061        0x2
 .bss.CMDActivation_InterruptHandler
                0x0000000000806061        0x2 build/default/debug/mcc_generated_files/system/src/pins.o

.bss.CMDRelDry1_InterruptHandler
                0x0000000000806063        0x2
 .bss.CMDRelDry1_InterruptHandler
                0x0000000000806063        0x2 build/default/debug/mcc_generated_files/system/src/pins.o

.bss.CMDRelDry2_InterruptHandler
                0x0000000000806065        0x2
 .bss.CMDRelDry2_InterruptHandler
                0x0000000000806065        0x2 build/default/debug/mcc_generated_files/system/src/pins.o

.bss.CMDRelUp_InterruptHandler
                0x0000000000806067        0x2
 .bss.CMDRelUp_InterruptHandler
                0x0000000000806067        0x2 build/default/debug/mcc_generated_files/system/src/pins.o

.bss.CMDRelDown_InterruptHandler
                0x0000000000806069        0x2
 .bss.CMDRelDown_InterruptHandler
                0x0000000000806069        0x2 build/default/debug/mcc_generated_files/system/src/pins.o

.bss.LEDSys_InterruptHandler
                0x000000000080606b        0x2
 .bss.LEDSys_InterruptHandler
                0x000000000080606b        0x2 build/default/debug/mcc_generated_files/system/src/pins.o

.bss.LEDTemp1_InterruptHandler
                0x000000000080606d        0x2
 .bss.LEDTemp1_InterruptHandler
                0x000000000080606d        0x2 build/default/debug/mcc_generated_files/system/src/pins.o

.bss.LEDAube_InterruptHandler
                0x000000000080606f        0x2
 .bss.LEDAube_InterruptHandler
                0x000000000080606f        0x2 build/default/debug/mcc_generated_files/system/src/pins.o

.bss.LEDTemp2_InterruptHandler
                0x0000000000806071        0x2
 .bss.LEDTemp2_InterruptHandler
                0x0000000000806071        0x2 build/default/debug/mcc_generated_files/system/src/pins.o

.bss.IOFree1_InterruptHandler
                0x0000000000806073        0x2
 .bss.IOFree1_InterruptHandler
                0x0000000000806073        0x2 build/default/debug/mcc_generated_files/system/src/pins.o

.bss.LEDCrep_InterruptHandler
                0x0000000000806075        0x2
 .bss.LEDCrep_InterruptHandler
                0x0000000000806075        0x2 build/default/debug/mcc_generated_files/system/src/pins.o

.bss.RTC_OVF_isr_cb
                0x0000000000806077        0x2
 .bss.RTC_OVF_isr_cb
                0x0000000000806077        0x2 build/default/debug/mcc_generated_files/timer/src/rtc.o
                0x0000000000806077                RTC_OVF_isr_cb

.bss.RTC_CMP_isr_cb
                0x0000000000806079        0x2
 .bss.RTC_CMP_isr_cb
                0x0000000000806079        0x2 build/default/debug/mcc_generated_files/timer/src/rtc.o
                0x0000000000806079                RTC_CMP_isr_cb

.bss.RTC_PIT_isr_cb
                0x000000000080607b        0x2
 .bss.RTC_PIT_isr_cb
                0x000000000080607b        0x2 build/default/debug/mcc_generated_files/timer/src/rtc.o
                0x000000000080607b                RTC_PIT_isr_cb

.bss.AllResultsArrayReady
                0x0000000000806091        0x1
 .bss.AllResultsArrayReady
                0x0000000000806091        0x1 build/default/debug/main.o
                0x0000000000806091                AllResultsArrayReady

.bss.AllResultsArray
                0x0000000000806037       0x10
 .bss.AllResultsArray
                0x0000000000806037       0x10 build/default/debug/main.o
                0x0000000000806037                AllResultsArray

.bss.OutputValues
                0x0000000000806000       0x27
 .bss.OutputValues
                0x0000000000806000       0x27 build/default/debug/main.o
                0x0000000000806000                OutputValues

.bss.JMP1FirstPassDone.4406
                0x0000000000806092        0x1
 .bss.JMP1FirstPassDone.4406
                0x0000000000806092        0x1 build/default/debug/JMPAnalysis.o

.bss.JMPCode.4412
                0x000000000080607d        0x2
 .bss.JMPCode.4412
                0x000000000080607d        0x2 build/default/debug/JMPAnalysis.o

.bss.JMP1ActualValue.4408
                0x0000000000806093        0x1
 .bss.JMP1ActualValue.4408
                0x0000000000806093        0x1 build/default/debug/JMPAnalysis.o

.bss.JMP1StateCnt.4404
                0x000000000080607f        0x2
 .bss.JMP1StateCnt.4404
                0x000000000080607f        0x2 build/default/debug/JMPAnalysis.o

.bss.JMP2FirstPassDone.4407
                0x0000000000806094        0x1
 .bss.JMP2FirstPassDone.4407
                0x0000000000806094        0x1 build/default/debug/JMPAnalysis.o

.bss.JMP2ActualValue.4409
                0x0000000000806095        0x1
 .bss.JMP2ActualValue.4409
                0x0000000000806095        0x1 build/default/debug/JMPAnalysis.o

.bss.JMP2StateCnt.4405
                0x0000000000806081        0x2
 .bss.JMP2StateCnt.4405
                0x0000000000806081        0x2 build/default/debug/JMPAnalysis.o

.bss.Program0FirstPassDone.4408
                0x0000000000806096        0x1
 .bss.Program0FirstPassDone.4408
                0x0000000000806096        0x1 build/default/debug/MainProgram0.o

.bss.ActuallyIsDay.4409
                0x0000000000806097        0x1
 .bss.ActuallyIsDay.4409
                0x0000000000806097        0x1 build/default/debug/MainProgram0.o

.bss.DayToNightCnt.4410
                0x0000000000806087        0x2
 .bss.DayToNightCnt.4410
                0x0000000000806087        0x2 build/default/debug/MainProgram0.o

.bss.NghtToDayCnt.4411
                0x0000000000806089        0x2
 .bss.NghtToDayCnt.4411
                0x0000000000806089        0x2 build/default/debug/MainProgram0.o

.bss.SetDirectStateDelayStarted.4409
                0x0000000000806098        0x1
 .bss.SetDirectStateDelayStarted.4409
                0x0000000000806098        0x1 build/default/debug/OutputDrive.o

.bss.ActiveMotorStateDelayStarted.4410
                0x0000000000806099        0x1
 .bss.ActiveMotorStateDelayStarted.4410
                0x0000000000806099        0x1 build/default/debug/OutputDrive.o

.bss.MotorCurrentMeanVal.4412
                0x000000000080608f        0x2
 .bss.MotorCurrentMeanVal.4412
                0x000000000080608f        0x2 build/default/debug/OutputDrive.o

.bss.MotorIOkStateDelayStarted.4411
                0x000000000080609a        0x1
 .bss.MotorIOkStateDelayStarted.4411
                0x000000000080609a        0x1 build/default/debug/OutputDrive.o

.text.OutputStateApply
                0x0000000000000112      0x9f4
 .text.OutputStateApply
                0x0000000000000112      0x9f4 build/default/debug/OutputDrive.o
                0x0000000000000112                OutputStateApply

.text.__vector_26
                0x0000000000000b06      0x2da
 .text.__vector_26
                0x0000000000000b06      0x2da build/default/debug/mcc_generated_files/adc/src/adc0.o
                0x0000000000000b06                __vector_26

.text.PIN_MANAGER_Initialize
                0x0000000000000de0      0x240
 .text.PIN_MANAGER_Initialize
                0x0000000000000de0      0x240 build/default/debug/mcc_generated_files/system/src/pins.o
                0x0000000000000de0                PIN_MANAGER_Initialize

.text.getJMPCode
                0x0000000000001020      0x208
 .text.getJMPCode
                0x0000000000001020      0x208 build/default/debug/JMPAnalysis.o
                0x0000000000001020                getJMPCode

.text.Program0  0x0000000000001228      0x202
 .text.Program0
                0x0000000000001228      0x202 build/default/debug/MainProgram0.o
                0x0000000000001228                Program0

.text.__vector_8
                0x000000000000142a      0x154
 .text.__vector_8
                0x000000000000142a      0x154 build/default/debug/mcc_generated_files/system/src/pins.o
                0x000000000000142a                __vector_8

.text.__vector_24
                0x000000000000157e      0x134
 .text.__vector_24
                0x000000000000157e      0x134 build/default/debug/mcc_generated_files/system/src/pins.o
                0x000000000000157e                __vector_24

.text.EVSYS_Initialize
                0x00000000000016b2      0x10c
 .text.EVSYS_Initialize
                0x00000000000016b2      0x10c build/default/debug/mcc_generated_files/evsys/src/evsys.o
                0x00000000000016b2                EVSYS_Initialize

.text.main      0x00000000000017be      0x102
 .text.main     0x00000000000017be      0x102 build/default/debug/main.o
                0x00000000000017be                main

.text.__vector_29
                0x00000000000018c0       0xdc
 .text.__vector_29
                0x00000000000018c0       0xdc build/default/debug/mcc_generated_files/system/src/pins.o
                0x00000000000018c0                __vector_29

.text.__vector_5
                0x000000000000199c       0xb4
 .text.__vector_5
                0x000000000000199c       0xb4 build/default/debug/mcc_generated_files/timer/src/rtc.o
                0x000000000000199c                __vector_5

.text.CLOCK_Initialize
                0x0000000000001a50       0x9e
 .text.CLOCK_Initialize
                0x0000000000001a50       0x9e build/default/debug/mcc_generated_files/system/src/clock.o
                0x0000000000001a50                CLOCK_Initialize

.text.__vector_34
                0x0000000000001aee       0x9c
 .text.__vector_34
                0x0000000000001aee       0x9c build/default/debug/mcc_generated_files/system/src/pins.o
                0x0000000000001aee                __vector_34

.text.ADC0_Initialize
                0x0000000000001b8a       0x92
 .text.ADC0_Initialize
                0x0000000000001b8a       0x92 build/default/debug/mcc_generated_files/adc/src/adc0.o
                0x0000000000001b8a                ADC0_Initialize

.text.RTC_Initialize
                0x0000000000001c1c       0x80
 .text.RTC_Initialize
                0x0000000000001c1c       0x80 build/default/debug/mcc_generated_files/timer/src/rtc.o
                0x0000000000001c1c                RTC_Initialize

.text.__vector_27
                0x0000000000001c9c       0x74
 .text.__vector_27
                0x0000000000001c9c       0x74 build/default/debug/mcc_generated_files/adc/src/adc0.o
                0x0000000000001c9c                __vector_27

.text.__vector_6
                0x0000000000001d10       0x74
 .text.__vector_6
                0x0000000000001d10       0x74 build/default/debug/mcc_generated_files/timer/src/rtc.o
                0x0000000000001d10                __vector_6

.text.BOD_Initialize
                0x0000000000001d84       0x42
 .text.BOD_Initialize
                0x0000000000001d84       0x42 build/default/debug/mcc_generated_files/system/src/system.o
                0x0000000000001d84                BOD_Initialize

.text.__vector_2
                0x0000000000001dc6       0x40
 .text.__vector_2
                0x0000000000001dc6       0x40 build/default/debug/mcc_generated_files/system/src/system.o
                0x0000000000001dc6                __vector_2

.text.RTC_WriteCounter
                0x0000000000001e06       0x3e
 .text.RTC_WriteCounter
                0x0000000000001e06       0x3e build/default/debug/mcc_generated_files/timer/src/rtc.o
                0x0000000000001e06                RTC_WriteCounter

.text.RTC_WritePeriod
                0x0000000000001e44       0x3e
 .text.RTC_WritePeriod
                0x0000000000001e44       0x3e build/default/debug/mcc_generated_files/timer/src/rtc.o
                0x0000000000001e44                RTC_WritePeriod

.text.SYSTEM_Initialize
                0x0000000000001e82       0x34
 .text.SYSTEM_Initialize
                0x0000000000001e82       0x34 build/default/debug/mcc_generated_files/system/src/system.o
                0x0000000000001e82                SYSTEM_Initialize

.text.ccp_write_io
                0x0000000000001eb6       0x2c
 .text.ccp_write_io
                0x0000000000001eb6       0x2c build/default/debug/mcc_generated_files/system/src/system.o

.text.ccp_write_io
                0x0000000000001ee2       0x2c
 .text.ccp_write_io
                0x0000000000001ee2       0x2c build/default/debug/mcc_generated_files/system/src/clock.o

.text.ccp_write_io
                0x0000000000001f0e       0x2c
 .text.ccp_write_io
                0x0000000000001f0e       0x2c build/default/debug/mcc_generated_files/system/src/interrupt.o

.text.CPUINT_Initialize
                0x0000000000001f3a       0x2c
 .text.CPUINT_Initialize
                0x0000000000001f3a       0x2c build/default/debug/mcc_generated_files/system/src/interrupt.o
                0x0000000000001f3a                CPUINT_Initialize

.text.ADC0_StartConversion
                0x0000000000001f66       0x2a
 .text.ADC0_StartConversion
                0x0000000000001f66       0x2a build/default/debug/mcc_generated_files/adc/src/adc0.o
                0x0000000000001f66                ADC0_StartConversion

.text.VREF_Initialize
                0x0000000000001f90       0x2a
 .text.VREF_Initialize
                0x0000000000001f90       0x2a build/default/debug/mcc_generated_files/vref/src/vref.o
                0x0000000000001f90                VREF_Initialize

.text.ADDriveCurrent_SetInterruptHandler
                0x0000000000001fba       0x26
 .text.ADDriveCurrent_SetInterruptHandler
                0x0000000000001fba       0x26 build/default/debug/mcc_generated_files/system/src/pins.o
                0x0000000000001fba                ADDriveCurrent_SetInterruptHandler

.text.ADCrepSoll_SetInterruptHandler
                0x0000000000001fe0       0x26
 .text.ADCrepSoll_SetInterruptHandler
                0x0000000000001fe0       0x26 build/default/debug/mcc_generated_files/system/src/pins.o
                0x0000000000001fe0                ADCrepSoll_SetInterruptHandler

.text.ADAubeSoll_SetInterruptHandler
                0x0000000000002006       0x26
 .text.ADAubeSoll_SetInterruptHandler
                0x0000000000002006       0x26 build/default/debug/mcc_generated_files/system/src/pins.o
                0x0000000000002006                ADAubeSoll_SetInterruptHandler

.text.ADTemp2Soll_SetInterruptHandler
                0x000000000000202c       0x26
 .text.ADTemp2Soll_SetInterruptHandler
                0x000000000000202c       0x26 build/default/debug/mcc_generated_files/system/src/pins.o
                0x000000000000202c                ADTemp2Soll_SetInterruptHandler

.text.ADTemp1Soll_SetInterruptHandler
                0x0000000000002052       0x26
 .text.ADTemp1Soll_SetInterruptHandler
                0x0000000000002052       0x26 build/default/debug/mcc_generated_files/system/src/pins.o
                0x0000000000002052                ADTemp1Soll_SetInterruptHandler

.text.ADLight_SetInterruptHandler
                0x0000000000002078       0x26
 .text.ADLight_SetInterruptHandler
                0x0000000000002078       0x26 build/default/debug/mcc_generated_files/system/src/pins.o
                0x0000000000002078                ADLight_SetInterruptHandler

.text.ADTemp1_SetInterruptHandler
                0x000000000000209e       0x26
 .text.ADTemp1_SetInterruptHandler
                0x000000000000209e       0x26 build/default/debug/mcc_generated_files/system/src/pins.o
                0x000000000000209e                ADTemp1_SetInterruptHandler

.text.ADTemp2_SetInterruptHandler
                0x00000000000020c4       0x26
 .text.ADTemp2_SetInterruptHandler
                0x00000000000020c4       0x26 build/default/debug/mcc_generated_files/system/src/pins.o
                0x00000000000020c4                ADTemp2_SetInterruptHandler

.text.Jumper2_SetInterruptHandler
                0x00000000000020ea       0x26
 .text.Jumper2_SetInterruptHandler
                0x00000000000020ea       0x26 build/default/debug/mcc_generated_files/system/src/pins.o
                0x00000000000020ea                Jumper2_SetInterruptHandler

.text.Jumper1_SetInterruptHandler
                0x0000000000002110       0x26
 .text.Jumper1_SetInterruptHandler
                0x0000000000002110       0x26 build/default/debug/mcc_generated_files/system/src/pins.o
                0x0000000000002110                Jumper1_SetInterruptHandler

.text.CMDActivation_SetInterruptHandler
                0x0000000000002136       0x26
 .text.CMDActivation_SetInterruptHandler
                0x0000000000002136       0x26 build/default/debug/mcc_generated_files/system/src/pins.o
                0x0000000000002136                CMDActivation_SetInterruptHandler

.text.CMDRelDry1_SetInterruptHandler
                0x000000000000215c       0x26
 .text.CMDRelDry1_SetInterruptHandler
                0x000000000000215c       0x26 build/default/debug/mcc_generated_files/system/src/pins.o
                0x000000000000215c                CMDRelDry1_SetInterruptHandler

.text.CMDRelDry2_SetInterruptHandler
                0x0000000000002182       0x26
 .text.CMDRelDry2_SetInterruptHandler
                0x0000000000002182       0x26 build/default/debug/mcc_generated_files/system/src/pins.o
                0x0000000000002182                CMDRelDry2_SetInterruptHandler

.text.CMDRelUp_SetInterruptHandler
                0x00000000000021a8       0x26
 .text.CMDRelUp_SetInterruptHandler
                0x00000000000021a8       0x26 build/default/debug/mcc_generated_files/system/src/pins.o
                0x00000000000021a8                CMDRelUp_SetInterruptHandler

.text.CMDRelDown_SetInterruptHandler
                0x00000000000021ce       0x26
 .text.CMDRelDown_SetInterruptHandler
                0x00000000000021ce       0x26 build/default/debug/mcc_generated_files/system/src/pins.o
                0x00000000000021ce                CMDRelDown_SetInterruptHandler

.text.LEDSys_SetInterruptHandler
                0x00000000000021f4       0x26
 .text.LEDSys_SetInterruptHandler
                0x00000000000021f4       0x26 build/default/debug/mcc_generated_files/system/src/pins.o
                0x00000000000021f4                LEDSys_SetInterruptHandler

.text.LEDTemp1_SetInterruptHandler
                0x000000000000221a       0x26
 .text.LEDTemp1_SetInterruptHandler
                0x000000000000221a       0x26 build/default/debug/mcc_generated_files/system/src/pins.o
                0x000000000000221a                LEDTemp1_SetInterruptHandler

.text.LEDAube_SetInterruptHandler
                0x0000000000002240       0x26
 .text.LEDAube_SetInterruptHandler
                0x0000000000002240       0x26 build/default/debug/mcc_generated_files/system/src/pins.o
                0x0000000000002240                LEDAube_SetInterruptHandler

.text.LEDTemp2_SetInterruptHandler
                0x0000000000002266       0x26
 .text.LEDTemp2_SetInterruptHandler
                0x0000000000002266       0x26 build/default/debug/mcc_generated_files/system/src/pins.o
                0x0000000000002266                LEDTemp2_SetInterruptHandler

.text.IOFree1_SetInterruptHandler
                0x000000000000228c       0x26
 .text.IOFree1_SetInterruptHandler
                0x000000000000228c       0x26 build/default/debug/mcc_generated_files/system/src/pins.o
                0x000000000000228c                IOFree1_SetInterruptHandler

.text.LEDCrep_SetInterruptHandler
                0x00000000000022b2       0x26
 .text.LEDCrep_SetInterruptHandler
                0x00000000000022b2       0x26 build/default/debug/mcc_generated_files/system/src/pins.o
                0x00000000000022b2                LEDCrep_SetInterruptHandler

.text.SLPCTRL_Initialize
                0x00000000000022d8       0x24
 .text.SLPCTRL_Initialize
                0x00000000000022d8       0x24 build/default/debug/mcc_generated_files/system/src/system.o
                0x00000000000022d8                SLPCTRL_Initialize

.text.ADC0_SetWindowChannel
                0x00000000000022fc       0x20
 .text.ADC0_SetWindowChannel
                0x00000000000022fc       0x20 build/default/debug/mcc_generated_files/adc/src/adc0.o
                0x00000000000022fc                ADC0_SetWindowChannel

.text.exit      0x000000000000231c       0x16
 .text.exit     0x000000000000231c       0x16 c:/program files/microchip/xc8/v2.40/avr/bin/../lib/gcc/avr/5.4.0/../../../../avr/lib/avrxmega2/memx-const\libc.a(exit.o)
                0x000000000000231c                exit

.text.ADDriveCurrent_DefaultInterruptHandler
                0x0000000000002332       0x10
 .text.ADDriveCurrent_DefaultInterruptHandler
                0x0000000000002332       0x10 build/default/debug/mcc_generated_files/system/src/pins.o
                0x0000000000002332                ADDriveCurrent_DefaultInterruptHandler

.text.ADCrepSoll_DefaultInterruptHandler
                0x0000000000002342       0x10
 .text.ADCrepSoll_DefaultInterruptHandler
                0x0000000000002342       0x10 build/default/debug/mcc_generated_files/system/src/pins.o
                0x0000000000002342                ADCrepSoll_DefaultInterruptHandler

.text.ADAubeSoll_DefaultInterruptHandler
                0x0000000000002352       0x10
 .text.ADAubeSoll_DefaultInterruptHandler
                0x0000000000002352       0x10 build/default/debug/mcc_generated_files/system/src/pins.o
                0x0000000000002352                ADAubeSoll_DefaultInterruptHandler

.text.ADTemp2Soll_DefaultInterruptHandler
                0x0000000000002362       0x10
 .text.ADTemp2Soll_DefaultInterruptHandler
                0x0000000000002362       0x10 build/default/debug/mcc_generated_files/system/src/pins.o
                0x0000000000002362                ADTemp2Soll_DefaultInterruptHandler

.text.ADTemp1Soll_DefaultInterruptHandler
                0x0000000000002372       0x10
 .text.ADTemp1Soll_DefaultInterruptHandler
                0x0000000000002372       0x10 build/default/debug/mcc_generated_files/system/src/pins.o
                0x0000000000002372                ADTemp1Soll_DefaultInterruptHandler

.text.ADLight_DefaultInterruptHandler
                0x0000000000002382       0x10
 .text.ADLight_DefaultInterruptHandler
                0x0000000000002382       0x10 build/default/debug/mcc_generated_files/system/src/pins.o
                0x0000000000002382                ADLight_DefaultInterruptHandler

.text.ADTemp1_DefaultInterruptHandler
                0x0000000000002392       0x10
 .text.ADTemp1_DefaultInterruptHandler
                0x0000000000002392       0x10 build/default/debug/mcc_generated_files/system/src/pins.o
                0x0000000000002392                ADTemp1_DefaultInterruptHandler

.text.ADTemp2_DefaultInterruptHandler
                0x00000000000023a2       0x10
 .text.ADTemp2_DefaultInterruptHandler
                0x00000000000023a2       0x10 build/default/debug/mcc_generated_files/system/src/pins.o
                0x00000000000023a2                ADTemp2_DefaultInterruptHandler

.text.Jumper2_DefaultInterruptHandler
                0x00000000000023b2       0x10
 .text.Jumper2_DefaultInterruptHandler
                0x00000000000023b2       0x10 build/default/debug/mcc_generated_files/system/src/pins.o
                0x00000000000023b2                Jumper2_DefaultInterruptHandler

.text.Jumper1_DefaultInterruptHandler
                0x00000000000023c2       0x10
 .text.Jumper1_DefaultInterruptHandler
                0x00000000000023c2       0x10 build/default/debug/mcc_generated_files/system/src/pins.o
                0x00000000000023c2                Jumper1_DefaultInterruptHandler

.text.CMDActivation_DefaultInterruptHandler
                0x00000000000023d2       0x10
 .text.CMDActivation_DefaultInterruptHandler
                0x00000000000023d2       0x10 build/default/debug/mcc_generated_files/system/src/pins.o
                0x00000000000023d2                CMDActivation_DefaultInterruptHandler

.text.CMDRelDry1_DefaultInterruptHandler
                0x00000000000023e2       0x10
 .text.CMDRelDry1_DefaultInterruptHandler
                0x00000000000023e2       0x10 build/default/debug/mcc_generated_files/system/src/pins.o
                0x00000000000023e2                CMDRelDry1_DefaultInterruptHandler

.text.CMDRelDry2_DefaultInterruptHandler
                0x00000000000023f2       0x10
 .text.CMDRelDry2_DefaultInterruptHandler
                0x00000000000023f2       0x10 build/default/debug/mcc_generated_files/system/src/pins.o
                0x00000000000023f2                CMDRelDry2_DefaultInterruptHandler

.text.CMDRelUp_DefaultInterruptHandler
                0x0000000000002402       0x10
 .text.CMDRelUp_DefaultInterruptHandler
                0x0000000000002402       0x10 build/default/debug/mcc_generated_files/system/src/pins.o
                0x0000000000002402                CMDRelUp_DefaultInterruptHandler

.text.CMDRelDown_DefaultInterruptHandler
                0x0000000000002412       0x10
 .text.CMDRelDown_DefaultInterruptHandler
                0x0000000000002412       0x10 build/default/debug/mcc_generated_files/system/src/pins.o
                0x0000000000002412                CMDRelDown_DefaultInterruptHandler

.text.LEDSys_DefaultInterruptHandler
                0x0000000000002422       0x10
 .text.LEDSys_DefaultInterruptHandler
                0x0000000000002422       0x10 build/default/debug/mcc_generated_files/system/src/pins.o
                0x0000000000002422                LEDSys_DefaultInterruptHandler

.text.LEDTemp1_DefaultInterruptHandler
                0x0000000000002432       0x10
 .text.LEDTemp1_DefaultInterruptHandler
                0x0000000000002432       0x10 build/default/debug/mcc_generated_files/system/src/pins.o
                0x0000000000002432                LEDTemp1_DefaultInterruptHandler

.text.LEDAube_DefaultInterruptHandler
                0x0000000000002442       0x10
 .text.LEDAube_DefaultInterruptHandler
                0x0000000000002442       0x10 build/default/debug/mcc_generated_files/system/src/pins.o
                0x0000000000002442                LEDAube_DefaultInterruptHandler

.text.LEDTemp2_DefaultInterruptHandler
                0x0000000000002452       0x10
 .text.LEDTemp2_DefaultInterruptHandler
                0x0000000000002452       0x10 build/default/debug/mcc_generated_files/system/src/pins.o
                0x0000000000002452                LEDTemp2_DefaultInterruptHandler

.text.IOFree1_DefaultInterruptHandler
                0x0000000000002462       0x10
 .text.IOFree1_DefaultInterruptHandler
                0x0000000000002462       0x10 build/default/debug/mcc_generated_files/system/src/pins.o
                0x0000000000002462                IOFree1_DefaultInterruptHandler

.text.LEDCrep_DefaultInterruptHandler
                0x0000000000002472       0x10
 .text.LEDCrep_DefaultInterruptHandler
                0x0000000000002472       0x10 build/default/debug/mcc_generated_files/system/src/pins.o
                0x0000000000002472                LEDCrep_DefaultInterruptHandler

.text.libgcc    0x0000000000002482        0xc
 .text.libgcc   0x0000000000002482        0xc c:/program files/microchip/xc8/v2.40/avr/bin/../lib/gcc/avr/5.4.0/avrxmega2/memx-const\libgcc.a(_tablejump2.o)
                0x0000000000002482                __tablejump2__

.text.protected_write_io
                0x000000000000248e        0x8
 .text.protected_write_io
                0x000000000000248e        0x8 build/default/debug/mcc_generated_files/system/src/protected_io.o
                0x000000000000248e                protected_write_io

.text           0x0000000000002496        0x4
 .text          0x0000000000002496        0x4 C:/Users/ArcticBear/.mchp_packs/Microchip/AVR-Dx_DFP/2.3.272/xc8/avr/lib/avrxmega2/memx-const/crtavr64dd28.o
                0x0000000000002496                __vector_22
                0x0000000000002496                __vector_28
                0x0000000000002496                __vector_1
                0x0000000000002496                __vector_32
                0x0000000000002496                __vector_12
                0x0000000000002496                __bad_interrupt
                0x0000000000002496                __vector_31
                0x0000000000002496                __vector_35
                0x0000000000002496                __vector_3
                0x0000000000002496                __vector_23
                0x0000000000002496                __vector_30
                0x0000000000002496                __vector_25
                0x0000000000002496                __vector_11
                0x0000000000002496                __vector_13
                0x0000000000002496                __vector_17
                0x0000000000002496                __vector_19
                0x0000000000002496                __vector_7
                0x0000000000002496                __vector_33
                0x0000000000002496                __vector_4
                0x0000000000002496                __vector_9
                0x0000000000002496                __vector_21
                0x0000000000002496                __vector_15
                0x0000000000002496                __vector_14
                0x0000000000002496                __vector_10
                0x0000000000002496                __vector_16
                0x0000000000002496                __vector_18
                0x0000000000002496                __vector_20

.text._Exit     0x000000000000249a        0x4
 .text._Exit    0x000000000000249a        0x4 c:/program files/microchip/xc8/v2.40/avr/bin/../lib/gcc/avr/5.4.0/../../../../avr/lib/avrxmega2/memx-const\libc.a(_Exit.o)
                0x000000000000249a                _Exit

.text.__dummy_fini
                0x000000000000249e        0x2
 .text.__dummy_fini
                0x000000000000249e        0x2 c:/program files/microchip/xc8/v2.40/avr/bin/../lib/gcc/avr/5.4.0/../../../../avr/lib/avrxmega2/memx-const\libc.a(exit.o)
                0x000000000000249e                _fini

.text.__dummy_funcs_on_exit
                0x00000000000024a0        0x2
 .text.__dummy_funcs_on_exit
                0x00000000000024a0        0x2 c:/program files/microchip/xc8/v2.40/avr/bin/../lib/gcc/avr/5.4.0/../../../../avr/lib/avrxmega2/memx-const\libc.a(exit.o)
                0x00000000000024a0                __funcs_on_exit

.text.__dummy_simulator_exit
                0x00000000000024a2        0x2
 .text.__dummy_simulator_exit
                0x00000000000024a2        0x2 c:/program files/microchip/xc8/v2.40/avr/bin/../lib/gcc/avr/5.4.0/../../../../avr/lib/avrxmega2/memx-const\libc.a(exit.o)
                0x00000000000024a2                __simulator_exit

.data.JMP1State.4410
                0x0000000000806083        0x2 load address 0x00000000000024a4
 .data.JMP1State.4410
                0x0000000000806083        0x2 build/default/debug/JMPAnalysis.o

.data.JMP2State.4411
                0x0000000000806085        0x2 load address 0x00000000000024a6
 .data.JMP2State.4411
                0x0000000000806085        0x2 build/default/debug/JMPAnalysis.o

.data.OpenStMCurrentState.4408
                0x000000000080608b        0x2 load address 0x00000000000024a8
 .data.OpenStMCurrentState.4408
                0x000000000080608b        0x2 build/default/debug/OutputDrive.o

.data.CloseStMCurrentState.4407
                0x000000000080608d        0x2 load address 0x00000000000024aa
 .data.CloseStMCurrentState.4407
                0x000000000080608d        0x2 build/default/debug/OutputDrive.o
